// Jest Snapshot v1, https://goo.gl/fbAQLP

exports[`renders the App component correctly 1`] = `
Array [
  <h2>
    Lets do some maths!
  </h2>,
  <div
    className="container"
  >
    <div
      className="bg-display"
    >
      <h1
        className="result"
      />
      <p />
    </div>
    <div>
      <div
        className="button-row"
      >
        <button
          className="button"
          onClick={[Function]}
          type="button"
        >
          AC
        </button>
        <button
          className="button"
          onClick={[Function]}
          type="button"
        >
          +/-
        </button>
        <button
          className="button"
          onClick={[Function]}
          type="button"
        >
          %
        </button>
        <button
          className="button"
          onClick={[Function]}
          type="button"
        >
          รท
        </button>
      </div>
      <div
        className="button-row"
      >
        <button
          className="button"
          onClick={[Function]}
          type="button"
        >
          7
        </button>
        <button
          className="button"
          onClick={[Function]}
          type="button"
        >
          8
        </button>
        <button
          className="button"
          onClick={[Function]}
          type="button"
        >
          9
        </button>
        <button
          className="button"
          onClick={[Function]}
          type="button"
        >
          X
        </button>
      </div>
      <div
        className="button-row"
      >
        <button
          className="button"
          onClick={[Function]}
          type="button"
        >
          4
        </button>
        <button
          className="button"
          onClick={[Function]}
          type="button"
        >
          5
        </button>
        <button
          className="button"
          onClick={[Function]}
          type="button"
        >
          6
        </button>
        <button
          className="button"
          onClick={[Function]}
          type="button"
        >
          -
        </button>
      </div>
      <div
        className="button-row"
      >
        <button
          className="button"
          onClick={[Function]}
          type="button"
        >
          1
        </button>
        <button
          className="button"
          onClick={[Function]}
          type="button"
        >
          2
        </button>
        <button
          className="button"
          onClick={[Function]}
          type="button"
        >
          3
        </button>
        <button
          className="button"
          onClick={[Function]}
          type="button"
        >
          +
        </button>
      </div>
      <div
        className="button-row"
      >
        <button
          className="button"
          onClick={[Function]}
          type="button"
        >
          0
        </button>
        <button
          className="button"
          onClick={[Function]}
          type="button"
        >
          .
        </button>
        <button
          className="button"
          onClick={[Function]}
          type="button"
        >
          =
        </button>
      </div>
    </div>
  </div>,
]
`;

exports[`renders the App component correctly with result props 1`] = `
Array [
  <h2>
    Lets do some maths!
  </h2>,
  <div
    className="container"
  >
    <div
      className="bg-display"
    >
      <h1
        className="result"
      />
      <p />
    </div>
    <div>
      <div
        className="button-row"
      >
        <button
          className="button"
          onClick={[Function]}
          type="button"
        >
          AC
        </button>
        <button
          className="button"
          onClick={[Function]}
          type="button"
        >
          +/-
        </button>
        <button
          className="button"
          onClick={[Function]}
          type="button"
        >
          %
        </button>
        <button
          className="button"
          onClick={[Function]}
          type="button"
        >
          รท
        </button>
      </div>
      <div
        className="button-row"
      >
        <button
          className="button"
          onClick={[Function]}
          type="button"
        >
          7
        </button>
        <button
          className="button"
          onClick={[Function]}
          type="button"
        >
          8
        </button>
        <button
          className="button"
          onClick={[Function]}
          type="button"
        >
          9
        </button>
        <button
          className="button"
          onClick={[Function]}
          type="button"
        >
          X
        </button>
      </div>
      <div
        className="button-row"
      >
        <button
          className="button"
          onClick={[Function]}
          type="button"
        >
          4
        </button>
        <button
          className="button"
          onClick={[Function]}
          type="button"
        >
          5
        </button>
        <button
          className="button"
          onClick={[Function]}
          type="button"
        >
          6
        </button>
        <button
          className="button"
          onClick={[Function]}
          type="button"
        >
          -
        </button>
      </div>
      <div
        className="button-row"
      >
        <button
          className="button"
          onClick={[Function]}
          type="button"
        >
          1
        </button>
        <button
          className="button"
          onClick={[Function]}
          type="button"
        >
          2
        </button>
        <button
          className="button"
          onClick={[Function]}
          type="button"
        >
          3
        </button>
        <button
          className="button"
          onClick={[Function]}
          type="button"
        >
          +
        </button>
      </div>
      <div
        className="button-row"
      >
        <button
          className="button"
          onClick={[Function]}
          type="button"
        >
          0
        </button>
        <button
          className="button"
          onClick={[Function]}
          type="button"
        >
          .
        </button>
        <button
          className="button"
          onClick={[Function]}
          type="button"
        >
          =
        </button>
      </div>
    </div>
  </div>,
]
`;

exports[`renders the Display component correctly 1`] = `
<div
  className="bg-display"
>
  <h1
    className="result"
  >
    0
  </h1>
  <p>
    
  </p>
</div>
`;

exports[`renders the Display component correctly with next props 1`] = `
<div
  className="bg-display"
>
  <h1
    className="result"
  >
    0
  </h1>
  <p>
    
  </p>
</div>
`;

exports[`renders the Display component correctly with operation props 1`] = `
<div
  className="bg-display"
>
  <h1
    className="result"
  >
    0
  </h1>
  <p>
    +
  </p>
</div>
`;

exports[`renders the Display component correctly with result props 1`] = `
<div
  className="bg-display"
>
  <h1
    className="result"
  >
    13
  </h1>
  <p>
    
  </p>
</div>
`;

exports[`renders the Display component correctly with result props 2`] = `
<div
  className="bg-display"
>
  <h1
    className="result"
  >
    20
  </h1>
  <p>
    
  </p>
</div>
`;

exports[`renders the Home component correctly 1`] = `
<div
  className="bg-display"
>
  <h1
    className="result"
  >
    0
  </h1>
  <p>
    
  </p>
</div>
`;
